ODH_OPERATOR_BUNDLE_GIT_COMMIT=c4fc39469ee473717166311bf764684ab3f8a849
ODH_OPERATOR_BUNDLE_GIT_URL=https://github.com/red-hat-data-services/RHOAI-Build-Config
ODH_CODEFLARE_OPERATOR_GIT_COMMIT=ca69778d271918722bd52026cb54fea13a1e83ff
ODH_CODEFLARE_OPERATOR_GIT_URL=https://github.com/red-hat-data-services/codeflare-operator
ODH_DASHBOARD_GIT_COMMIT=f7581aabcc6dfaca5fe8f0a907e8859fa78dc797
ODH_DASHBOARD_GIT_URL=https://github.com/red-hat-data-services/odh-dashboard
ODH_DATA_SCIENCE_PIPELINES_ARGO_ARGOEXEC_GIT_COMMIT=9f6f9b11f297e719d1a05f4f6000f2b41e10135f
ODH_DATA_SCIENCE_PIPELINES_ARGO_ARGOEXEC_GIT_URL=https://github.com/red-hat-data-services/argo-workflows
ODH_DATA_SCIENCE_PIPELINES_ARGO_WORKFLOWCONTROLLER_GIT_COMMIT=9f6f9b11f297e719d1a05f4f6000f2b41e10135f
ODH_DATA_SCIENCE_PIPELINES_ARGO_WORKFLOWCONTROLLER_GIT_URL=https://github.com/red-hat-data-services/argo-workflows
ODH_DATA_SCIENCE_PIPELINES_OPERATOR_CONTROLLER_GIT_COMMIT=dd86529cce2c7a03b42df69206613e6ef5766e85
ODH_DATA_SCIENCE_PIPELINES_OPERATOR_CONTROLLER_GIT_URL=https://github.com/red-hat-data-services/data-science-pipelines-operator
ODH_KF_NOTEBOOK_CONTROLLER_GIT_COMMIT=43f992a7ff349fafe556535c3cf6e8905e192a99
ODH_KF_NOTEBOOK_CONTROLLER_GIT_URL=https://github.com/red-hat-data-services/kubeflow
ODH_KUBERAY_OPERATOR_CONTROLLER_GIT_COMMIT=937d0819d47a17d1ec3d1f1f9dbf4a0f503d7f84
ODH_KUBERAY_OPERATOR_CONTROLLER_GIT_URL=https://github.com/red-hat-data-services/kuberay
ODH_KUEUE_CONTROLLER_GIT_COMMIT=496c142cecef8cddc81263a609c31d36511e6597
ODH_KUEUE_CONTROLLER_GIT_URL=https://github.com/red-hat-data-services/kueue
ODH_ML_PIPELINES_API_SERVER_V2_GIT_COMMIT=49db6b8553cbb71f9078027c6597c0863640e532
ODH_ML_PIPELINES_API_SERVER_V2_GIT_URL=https://github.com/red-hat-data-services/data-science-pipelines
ODH_ML_PIPELINES_DRIVER_GIT_COMMIT=49db6b8553cbb71f9078027c6597c0863640e532
ODH_ML_PIPELINES_DRIVER_GIT_URL=https://github.com/red-hat-data-services/data-science-pipelines
ODH_ML_PIPELINES_LAUNCHER_GIT_COMMIT=49db6b8553cbb71f9078027c6597c0863640e532
ODH_ML_PIPELINES_LAUNCHER_GIT_URL=https://github.com/red-hat-data-services/data-science-pipelines
ODH_ML_PIPELINES_PERSISTENCEAGENT_V2_GIT_COMMIT=49db6b8553cbb71f9078027c6597c0863640e532
ODH_ML_PIPELINES_PERSISTENCEAGENT_V2_GIT_URL=https://github.com/red-hat-data-services/data-science-pipelines
ODH_ML_PIPELINES_SCHEDULEDWORKFLOW_V2_GIT_COMMIT=49db6b8553cbb71f9078027c6597c0863640e532
ODH_ML_PIPELINES_SCHEDULEDWORKFLOW_V2_GIT_URL=https://github.com/red-hat-data-services/data-science-pipelines
ODH_MLMD_GRPC_SERVER_GIT_COMMIT=c14f667209f3d845c1b4ce938ed10f0d604a7005
ODH_MLMD_GRPC_SERVER_GIT_URL=https://github.com/red-hat-data-services/ml-metadata.git
ODH_MM_REST_PROXY_GIT_COMMIT=17ee5e2aa8a38f64003d3a73bd7b7f18376bb68f
ODH_MM_REST_PROXY_GIT_URL=https://github.com/red-hat-data-services/rest-proxy
ODH_MODEL_CONTROLLER_GIT_COMMIT=ddfc1c5b68b4fabad51adb524e5a1813a4522315
ODH_MODEL_CONTROLLER_GIT_URL=https://github.com/red-hat-data-services/odh-model-controller
ODH_MODEL_REGISTRY_OPERATOR_GIT_COMMIT=83ead3fe3ef66d0f8d901f0f874a7a610de27429
ODH_MODEL_REGISTRY_OPERATOR_GIT_URL=https://github.com/red-hat-data-services/model-registry-operator
ODH_MODEL_REGISTRY_GIT_COMMIT=7f53f279df7ade85364d8b41d34f2cc9e9922fc0
ODH_MODEL_REGISTRY_GIT_URL=https://github.com/red-hat-data-services/model-registry
ODH_MODELMESH_RUNTIME_ADAPTER_GIT_COMMIT=2ff297e54c7c63d6bda30ce86b141d349b9dce36
ODH_MODELMESH_RUNTIME_ADAPTER_GIT_URL=https://github.com/red-hat-data-services/modelmesh-runtime-adapter.git
ODH_MODELMESH_SERVING_CONTROLLER_GIT_COMMIT=0665992ecb12af7ea24170d734f796312a9ae965
ODH_MODELMESH_SERVING_CONTROLLER_GIT_URL=https://github.com/red-hat-data-services/modelmesh-serving
ODH_MODELMESH_GIT_COMMIT=cbc1cba201081e5a8723b48cc48bf7922ec2e1ec
ODH_MODELMESH_GIT_URL=https://github.com/red-hat-data-services/modelmesh
ODH_NOTEBOOK_CONTROLLER_GIT_COMMIT=43f992a7ff349fafe556535c3cf6e8905e192a99
ODH_NOTEBOOK_CONTROLLER_GIT_URL=https://github.com/red-hat-data-services/kubeflow
ODH_RHEL8_OPERATOR_GIT_COMMIT=a051c8b8400e037f254e889d7c6deb873402c344
ODH_RHEL8_OPERATOR_GIT_URL=https://github.com/red-hat-data-services/rhods-operator
ODH_TRAINING_OPERATOR_GIT_COMMIT=43c564abed1dacb3d2c052ba0f1d66efac4a1c11
ODH_TRAINING_OPERATOR_GIT_URL=https://github.com/red-hat-data-services/training-operator
ODH_TRUSTYAI_SERVICE_OPERATOR_GIT_COMMIT=cff5c4df679b149a1477aee46117a84493f3e011
ODH_TRUSTYAI_SERVICE_OPERATOR_GIT_URL=https://github.com/red-hat-data-services/trustyai-service-operator
ODH_TRUSTYAI_SERVICE_GIT_COMMIT=8a830c19a0e4b15f405d614decb595604f4545cf
ODH_TRUSTYAI_SERVICE_GIT_URL=https://github.com/red-hat-data-services/trustyai-explainability
