ODH_OPERATOR_BUNDLE_GIT_COMMIT=42c77dad5a5dbbb39071bbfc81d459e9a337f1ef
ODH_OPERATOR_BUNDLE_GIT_URL=https://github.com/red-hat-data-services/RHOAI-Build-Config
ODH_CODEFLARE_OPERATOR_GIT_COMMIT=bf1d29f988e9c7412f08eda2a5d4cfa12a18c912
ODH_CODEFLARE_OPERATOR_GIT_URL=https://github.com/red-hat-data-services/codeflare-operator
ODH_DASHBOARD_GIT_COMMIT=c72bb034eaad78449f842a968c856630ada4589b
ODH_DASHBOARD_GIT_URL=https://github.com/red-hat-data-services/odh-dashboard
ODH_DATA_SCIENCE_PIPELINES_ARGO_ARGOEXEC_GIT_COMMIT=70e13e18e7873c62bfca83c085f272c184943f0a
ODH_DATA_SCIENCE_PIPELINES_ARGO_ARGOEXEC_GIT_URL=https://github.com/red-hat-data-services/argo-workflows
ODH_DATA_SCIENCE_PIPELINES_ARGO_WORKFLOWCONTROLLER_GIT_COMMIT=17c8802db5763f40ff7e71f2efaad4fef7031ff7
ODH_DATA_SCIENCE_PIPELINES_ARGO_WORKFLOWCONTROLLER_GIT_URL=https://github.com/red-hat-data-services/argo-workflows
ODH_DATA_SCIENCE_PIPELINES_OPERATOR_CONTROLLER_GIT_COMMIT=f5b26ad866ff2ad8abe5d83fa533984033f3063e
ODH_DATA_SCIENCE_PIPELINES_OPERATOR_CONTROLLER_GIT_URL=https://github.com/red-hat-data-services/data-science-pipelines-operator
ODH_KF_NOTEBOOK_CONTROLLER_GIT_COMMIT=19344f6acd516a932b06fb7499c744c62246644d
ODH_KF_NOTEBOOK_CONTROLLER_GIT_URL=https://github.com/red-hat-data-services/kubeflow
ODH_KUBERAY_OPERATOR_CONTROLLER_GIT_COMMIT=04e743c29c244de31416997a8ac5745b530fe6cb
ODH_KUBERAY_OPERATOR_CONTROLLER_GIT_URL=https://github.com/red-hat-data-services/kuberay
ODH_KUEUE_CONTROLLER_GIT_COMMIT=83f8c72196d4227469b2a1268e5030b3271522be
ODH_KUEUE_CONTROLLER_GIT_URL=https://github.com/red-hat-data-services/kueue
ODH_ML_PIPELINES_API_SERVER_V2_GIT_COMMIT=5a81f08c84ccd04e751f057d39d5f17e93137d17
ODH_ML_PIPELINES_API_SERVER_V2_GIT_URL=https://github.com/red-hat-data-services/data-science-pipelines
ODH_ML_PIPELINES_DRIVER_GIT_COMMIT=5a81f08c84ccd04e751f057d39d5f17e93137d17
ODH_ML_PIPELINES_DRIVER_GIT_URL=https://github.com/red-hat-data-services/data-science-pipelines
ODH_ML_PIPELINES_LAUNCHER_GIT_COMMIT=5a81f08c84ccd04e751f057d39d5f17e93137d17
ODH_ML_PIPELINES_LAUNCHER_GIT_URL=https://github.com/red-hat-data-services/data-science-pipelines
ODH_ML_PIPELINES_PERSISTENCEAGENT_V2_GIT_COMMIT=5a81f08c84ccd04e751f057d39d5f17e93137d17
ODH_ML_PIPELINES_PERSISTENCEAGENT_V2_GIT_URL=https://github.com/red-hat-data-services/data-science-pipelines
ODH_ML_PIPELINES_SCHEDULEDWORKFLOW_V2_GIT_COMMIT=5a81f08c84ccd04e751f057d39d5f17e93137d17
ODH_ML_PIPELINES_SCHEDULEDWORKFLOW_V2_GIT_URL=https://github.com/red-hat-data-services/data-science-pipelines
ODH_MLMD_GRPC_SERVER_GIT_COMMIT=80e97ce8aea06d7dd7c22af0eff370a1ede120d5
ODH_MLMD_GRPC_SERVER_GIT_URL=https://github.com/red-hat-data-services/ml-metadata
ODH_MM_REST_PROXY_GIT_COMMIT=0376f240535906e2fbafc2395b8d5753880e280a
ODH_MM_REST_PROXY_GIT_URL=https://github.com/red-hat-data-services/rest-proxy
ODH_MODEL_CONTROLLER_GIT_COMMIT=53c471104b7adb2a0748b05729e4d0a8b477cd1f
ODH_MODEL_CONTROLLER_GIT_URL=https://github.com/red-hat-data-services/odh-model-controller
ODH_MODEL_REGISTRY_OPERATOR_GIT_COMMIT=c0c3c2f0fcc4efc60d3730eb8f9f1f930173fcbe
ODH_MODEL_REGISTRY_OPERATOR_GIT_URL=https://github.com/red-hat-data-services/model-registry-operator
ODH_MODEL_REGISTRY_GIT_COMMIT=c63bd5dce6591e1bd6c2b1c7be46918be5981fae
ODH_MODEL_REGISTRY_GIT_URL=https://github.com/red-hat-data-services/model-registry
ODH_MODELMESH_RUNTIME_ADAPTER_GIT_COMMIT=75f05eaa4b33c1f5fa51169e8ec82fd390028fbc
ODH_MODELMESH_RUNTIME_ADAPTER_GIT_URL=https://github.com/red-hat-data-services/modelmesh-runtime-adapter
ODH_MODELMESH_SERVING_CONTROLLER_GIT_COMMIT=bc7cfe4a973edae7d1041df2297fdf7df9bef44a
ODH_MODELMESH_SERVING_CONTROLLER_GIT_URL=https://github.com/red-hat-data-services/modelmesh-serving
ODH_MODELMESH_GIT_COMMIT=f142edafb34bc9448ca8f22413f011baabcb16ca
ODH_MODELMESH_GIT_URL=https://github.com/red-hat-data-services/modelmesh
ODH_NOTEBOOK_CONTROLLER_GIT_COMMIT=19344f6acd516a932b06fb7499c744c62246644d
ODH_NOTEBOOK_CONTROLLER_GIT_URL=https://github.com/red-hat-data-services/kubeflow
ODH_RHEL8_OPERATOR_GIT_COMMIT=029ab02450cc916db997d685dc554066c06997d7
ODH_RHEL8_OPERATOR_GIT_URL=https://github.com/red-hat-data-services/rhods-operator
ODH_TRAINING_OPERATOR_GIT_COMMIT=9ee30ddb3198c2c9486f115b739301a5242d6d4d
ODH_TRAINING_OPERATOR_GIT_URL=https://github.com/red-hat-data-services/training-operator
ODH_TRUSTYAI_SERVICE_OPERATOR_GIT_COMMIT=e476ab3d40dad70dc162bd80021e3089632c4fb0
ODH_TRUSTYAI_SERVICE_OPERATOR_GIT_URL=https://github.com/red-hat-data-services/trustyai-service-operator
ODH_TRUSTYAI_SERVICE_GIT_COMMIT=6b9952d142197132c68e6c4fb0941620740d5014
ODH_TRUSTYAI_SERVICE_GIT_URL=https://github.com/red-hat-data-services/trustyai-explainability
