ODH_RHEL8_OPERATOR_GIT_URL=https://github.com/red-hat-data-services/rhods-operator
ODH_RHEL8_OPERATOR_GIT_COMMIT=f00b6f744ae51c01bd431de9a71b17b36bf4fc70
ODH_KF_NOTEBOOK_CONTROLLER_GIT_URL=https://github.com/red-hat-data-services/kubeflow
ODH_KF_NOTEBOOK_CONTROLLER_GIT_COMMIT=50384f97e23efaefc0df2413fe339952a08f76eb
ODH_NOTEBOOK_CONTROLLER_GIT_URL=https://github.com/red-hat-data-services/kubeflow
ODH_NOTEBOOK_CONTROLLER_GIT_COMMIT=a991ccbb2cf98fa4c6d6d259a1474299a9c79f36
ODH_DATA_SCIENCE_PIPELINES_OPERATOR_CONTROLLER_GIT_URL=https://github.com/red-hat-data-services/data-science-pipelines-operator
ODH_DATA_SCIENCE_PIPELINES_OPERATOR_CONTROLLER_GIT_COMMIT=f3e3013d3f32bf3d12d73dfca84062132853d201
ODH_CODEFLARE_OPERATOR_GIT_URL=https://github.com/red-hat-data-services/codeflare-operator
ODH_CODEFLARE_OPERATOR_GIT_COMMIT=6a031f1c026646de5814fdb434ec14e7a5912695
ODH_KUBERAY_OPERATOR_CONTROLLER_GIT_URL=https://github.com/red-hat-data-services/kuberay.git
ODH_KUBERAY_OPERATOR_CONTROLLER_GIT_COMMIT=edde7d4f41ec2118dd091d11142c3607098b4d97
ODH_KUEUE_CONTROLLER_GIT_URL=https://github.com/red-hat-data-services/kueue
ODH_KUEUE_CONTROLLER_GIT_COMMIT=1d65977af96389694c3e0c16bd5f661a982e84cb
ODH_TRUSTYAI_SERVICE_OPERATOR_GIT_URL=https://github.com/red-hat-data-services/trustyai-service-operator
ODH_TRUSTYAI_SERVICE_OPERATOR_GIT_COMMIT=eef4242b43a5de785e0221a11817a699505f1dcb
ODH_MODEL_CONTROLLER_GIT_URL=https://github.com/red-hat-data-services/odh-model-controller
ODH_MODEL_CONTROLLER_GIT_COMMIT=2d3ffec5a8d6391b8ccf016cb6b6f65894f1a9ad
ODH_MODELMESH_GIT_URL=https://github.com/red-hat-data-services/modelmesh
ODH_MODELMESH_GIT_COMMIT=e294f2dc673e2acf14d72ed62c6e376771151450
ODH_DASHBOARD_GIT_URL=https://github.com/red-hat-data-services/odh-dashboard
ODH_DASHBOARD_GIT_COMMIT=bf9c0894a6b0b38653e9b4ed58d12200487c1ff8
ODH_TRAINING_OPERATOR_GIT_URL=https://github.com/red-hat-data-services/training-operator
ODH_TRAINING_OPERATOR_GIT_COMMIT=c3ba37d7e5d6e25140c299091928decc1761a817
ODH_MODELMESH_SERVING_CONTROLLER_GIT_URL=https://github.com/red-hat-data-services/modelmesh-serving
ODH_MODELMESH_SERVING_CONTROLLER_GIT_COMMIT=4daafdd618c187bf3e1b890a168753159af839fd
ODH_MM_REST_PROXY_GIT_URL=https://github.com/red-hat-data-services/rest-proxy.git
ODH_MM_REST_PROXY_GIT_COMMIT=c302b63a2ada7a32a20c2bc6b759cdd713dcd7bf
ODH_MODELMESH_RUNTIME_ADAPTER_GIT_URL=https://github.com/red-hat-data-services/modelmesh-runtime-adapter
ODH_MODELMESH_RUNTIME_ADAPTER_GIT_COMMIT=b46c756d5f55cf704c7b86e4b004710567d202b2
ODH_TRUSTYAI_SERVICE_GIT_URL=https://github.com/red-hat-data-services/trustyai-explainability
ODH_TRUSTYAI_SERVICE_GIT_COMMIT=c93d78d1434b2c0cf35e0b1fe822b1d7ded42f24
ODH_MLMD_GRPC_SERVER_GIT_URL=https://github.com/red-hat-data-services/ml-metadata
ODH_MLMD_GRPC_SERVER_GIT_COMMIT=aa7fe74bac505bd4f94d2301bb13caec554b923c
ODH_ML_PIPELINES_API_SERVER_V2_GIT_URL=https://github.com/red-hat-data-services/data-science-pipelines
ODH_ML_PIPELINES_API_SERVER_V2_GIT_COMMIT=7ef388771a8f8149681761b017ba661f30cf7189
ODH_ML_PIPELINES_PERSISTENCEAGENT_V2_GIT_URL=https://github.com/red-hat-data-services/data-science-pipelines
ODH_ML_PIPELINES_PERSISTENCEAGENT_V2_GIT_COMMIT=7ef388771a8f8149681761b017ba661f30cf7189
ODH_ML_PIPELINES_SCHEDULEDWORKFLOW_V2_GIT_URL=https://github.com/red-hat-data-services/data-science-pipelines
ODH_ML_PIPELINES_SCHEDULEDWORKFLOW_V2_GIT_COMMIT=7ef388771a8f8149681761b017ba661f30cf7189
ODH_ML_PIPELINES_DRIVER_GIT_URL=https://github.com/red-hat-data-services/data-science-pipelines
ODH_ML_PIPELINES_DRIVER_GIT_COMMIT=7ef388771a8f8149681761b017ba661f30cf7189
ODH_ML_PIPELINES_LAUNCHER_GIT_URL=https://github.com/red-hat-data-services/data-science-pipelines
ODH_ML_PIPELINES_LAUNCHER_GIT_COMMIT=7ef388771a8f8149681761b017ba661f30cf7189
ODH_DATA_SCIENCE_PIPELINES_ARGO_ARGOEXEC_GIT_URL=https://github.com/red-hat-data-services/argo-workflows.git
ODH_DATA_SCIENCE_PIPELINES_ARGO_ARGOEXEC_GIT_COMMIT=4e9f115be5a68e37fe3f97289a6fbcdd5f2ddfa6
ODH_DATA_SCIENCE_PIPELINES_ARGO_WORKFLOWCONTROLLER_GIT_URL=https://github.com/red-hat-data-services/argo-workflows
ODH_DATA_SCIENCE_PIPELINES_ARGO_WORKFLOWCONTROLLER_GIT_COMMIT=4e9f115be5a68e37fe3f97289a6fbcdd5f2ddfa6
ODH_MODEL_REGISTRY_GIT_URL=https://github.com/red-hat-data-services/model-registry
ODH_MODEL_REGISTRY_GIT_COMMIT=18b8c735f9649f073297acad036bb25b9853b88b
ODH_MODEL_REGISTRY_OPERATOR_GIT_URL=https://github.com/red-hat-data-services/model-registry-operator
ODH_MODEL_REGISTRY_OPERATOR_GIT_COMMIT=95413a3abda9b060478b60f211016ed8dd27a620
