ODH_RHEL8_OPERATOR_GIT_URL=https://github.com/red-hat-data-services/rhods-operator
ODH_RHEL8_OPERATOR_GIT_COMMIT=85bee3aded7deac87abe38625c10765ecac8f3f0
ODH_KF_NOTEBOOK_CONTROLLER_GIT_URL=https://github.com/red-hat-data-services/kubeflow
ODH_KF_NOTEBOOK_CONTROLLER_GIT_COMMIT=277bc288ed6a092bd7cb94773ef936721204342a
ODH_NOTEBOOK_CONTROLLER_GIT_URL=https://github.com/red-hat-data-services/kubeflow
ODH_NOTEBOOK_CONTROLLER_GIT_COMMIT=277bc288ed6a092bd7cb94773ef936721204342a
ODH_DATA_SCIENCE_PIPELINES_OPERATOR_CONTROLLER_GIT_URL=https://github.com/red-hat-data-services/data-science-pipelines-operator
ODH_DATA_SCIENCE_PIPELINES_OPERATOR_CONTROLLER_GIT_COMMIT=b82d31a08bb22c886bb2f2c600bfedfdd67592be
ODH_CODEFLARE_OPERATOR_GIT_URL=https://github.com/red-hat-data-services/codeflare-operator
ODH_CODEFLARE_OPERATOR_GIT_COMMIT=a8e40573c5609bcdf73a45b5c26bfee05886e058
ODH_KUBERAY_OPERATOR_CONTROLLER_GIT_URL=https://github.com/red-hat-data-services/kuberay
ODH_KUBERAY_OPERATOR_CONTROLLER_GIT_COMMIT=e6c3ceb644f69301e005729c2e1b0488d6aabe65
ODH_KUEUE_CONTROLLER_GIT_URL=https://github.com/red-hat-data-services/kueue
ODH_KUEUE_CONTROLLER_GIT_COMMIT=d32751185e00cbadcd8ee82ce1fe6c65228c8908
ODH_TRUSTYAI_SERVICE_OPERATOR_GIT_URL=https://github.com/red-hat-data-services/trustyai-service-operator
ODH_TRUSTYAI_SERVICE_OPERATOR_GIT_COMMIT=78904f04f267b9d6926a26b90f77ee5286119fa0
ODH_MODEL_CONTROLLER_GIT_URL=https://github.com/red-hat-data-services/odh-model-controller
ODH_MODEL_CONTROLLER_GIT_COMMIT=843720e0308ce8c3b3502b4a58b7638597461240
ODH_MODEL_REGISTRY_OPERATOR_GIT_URL=https://github.com/red-hat-data-services/model-registry-operator
ODH_MODEL_REGISTRY_OPERATOR_GIT_COMMIT=3e7245331f8487246d7b58cbfdf379b3329826cd
ODH_MODELMESH_SERVING_CONTROLLER_GIT_URL=https://github.com/red-hat-data-services/modelmesh-serving
ODH_MODELMESH_SERVING_CONTROLLER_GIT_COMMIT=a543044d0c07b502c98bdfbb727089644e289387
ODH_DASHBOARD_GIT_URL=https://github.com/red-hat-data-services/odh-dashboard
ODH_DASHBOARD_GIT_COMMIT=b13722af794ef6b28ed6a316c08e5576e2ec53e3
ODH_TRAINING_OPERATOR_GIT_URL=https://github.com/red-hat-data-services/training-operator
ODH_TRAINING_OPERATOR_GIT_COMMIT=b0fff7d1f39209239835a23b5217b503972b1f5a
ODH_MM_REST_PROXY_GIT_URL=https://github.com/red-hat-data-services/rest-proxy
ODH_MM_REST_PROXY_GIT_COMMIT=9837296dc55000bc37e655a6ebe062d48a83df06
ODH_MODELMESH_GIT_URL=https://github.com/red-hat-data-services/modelmesh
ODH_MODELMESH_GIT_COMMIT=e72cfcb24598e2f2d3bfa26cb3b5fd53db103dcb
ODH_MODELMESH_RUNTIME_ADAPTER_GIT_URL=https://github.com/red-hat-data-services/modelmesh-runtime-adapter
ODH_MODELMESH_RUNTIME_ADAPTER_GIT_COMMIT=6640dfb6fe36ae8aff32040811a49b9304e0de31
ODH_TRUSTYAI_SERVICE_GIT_URL=https://github.com/red-hat-data-services/trustyai-explainability
ODH_TRUSTYAI_SERVICE_GIT_COMMIT=15a5cd2a07e145571c18f3346d3d353cc1258266
ODH_MLMD_GRPC_SERVER_GIT_URL=https://github.com/red-hat-data-services/ml-metadata
ODH_MLMD_GRPC_SERVER_GIT_COMMIT=5d853284728b5a36be649f43e41b63dfff60be5b
ODH_ML_PIPELINES_API_SERVER_V2_GIT_URL=https://github.com/red-hat-data-services/data-science-pipelines
ODH_ML_PIPELINES_API_SERVER_V2_GIT_COMMIT=3edff94e47b1c86dec5ca838be96e96bca6c95c7
ODH_ML_PIPELINES_PERSISTENCEAGENT_V2_GIT_URL=https://github.com/red-hat-data-services/data-science-pipelines
ODH_ML_PIPELINES_PERSISTENCEAGENT_V2_GIT_COMMIT=3edff94e47b1c86dec5ca838be96e96bca6c95c7
ODH_ML_PIPELINES_SCHEDULEDWORKFLOW_V2_GIT_URL=https://github.com/red-hat-data-services/data-science-pipelines
ODH_ML_PIPELINES_SCHEDULEDWORKFLOW_V2_GIT_COMMIT=3edff94e47b1c86dec5ca838be96e96bca6c95c7
ODH_ML_PIPELINES_DRIVER_GIT_URL=https://github.com/red-hat-data-services/data-science-pipelines
ODH_ML_PIPELINES_DRIVER_GIT_COMMIT=3edff94e47b1c86dec5ca838be96e96bca6c95c7
ODH_ML_PIPELINES_LAUNCHER_GIT_URL=https://github.com/red-hat-data-services/data-science-pipelines
ODH_ML_PIPELINES_LAUNCHER_GIT_COMMIT=3edff94e47b1c86dec5ca838be96e96bca6c95c7
ODH_DATA_SCIENCE_PIPELINES_ARGO_ARGOEXEC_GIT_URL=https://github.com/red-hat-data-services/argo-workflows
ODH_DATA_SCIENCE_PIPELINES_ARGO_ARGOEXEC_GIT_COMMIT=9a9c5fc81ef563387ed4cb219d8a6d574c618c08
ODH_DATA_SCIENCE_PIPELINES_ARGO_WORKFLOWCONTROLLER_GIT_URL=https://github.com/red-hat-data-services/argo-workflows
ODH_DATA_SCIENCE_PIPELINES_ARGO_WORKFLOWCONTROLLER_GIT_COMMIT=9a9c5fc81ef563387ed4cb219d8a6d574c618c08
ODH_MODEL_REGISTRY_GIT_URL=https://github.com/red-hat-data-services/model-registry
ODH_MODEL_REGISTRY_GIT_COMMIT=20cfdb3e2691f134fc3582eb7814224dac128e88
