ODH_RHEL8_OPERATOR_GIT_URL=https://github.com/red-hat-data-services/rhods-operator
ODH_RHEL8_OPERATOR_GIT_COMMIT=75f3bf7c778409c1b5d5864ffdc0131dba172ed0
ODH_KF_NOTEBOOK_CONTROLLER_GIT_URL=https://github.com/red-hat-data-services/kubeflow
ODH_KF_NOTEBOOK_CONTROLLER_GIT_COMMIT=1ab7e1bde5934a5b472b053236cf25737707b065
ODH_NOTEBOOK_CONTROLLER_GIT_URL=https://github.com/red-hat-data-services/kubeflow
ODH_NOTEBOOK_CONTROLLER_GIT_COMMIT=1ab7e1bde5934a5b472b053236cf25737707b065
ODH_DATA_SCIENCE_PIPELINES_OPERATOR_CONTROLLER_GIT_URL=https://github.com/red-hat-data-services/data-science-pipelines-operator
ODH_DATA_SCIENCE_PIPELINES_OPERATOR_CONTROLLER_GIT_COMMIT=febc5b477e53e6171afcacfbff894ed6cef67f86
ODH_CODEFLARE_OPERATOR_GIT_URL=https://github.com/red-hat-data-services/codeflare-operator
ODH_CODEFLARE_OPERATOR_GIT_COMMIT=d8a7dc661d657c441e9d8861ab485eb51c2e1821
ODH_KUBERAY_OPERATOR_CONTROLLER_GIT_URL=https://github.com/red-hat-data-services/kuberay
ODH_KUBERAY_OPERATOR_CONTROLLER_GIT_COMMIT=ca287211114751574d33dd12f0754c4dbd2ba093
ODH_KUEUE_CONTROLLER_GIT_URL=https://github.com/red-hat-data-services/kueue
ODH_KUEUE_CONTROLLER_GIT_COMMIT=7a8d8adeb30cff69a01adde9e0382484ce51dd99
ODH_TRUSTYAI_SERVICE_OPERATOR_GIT_URL=https://github.com/red-hat-data-services/trustyai-service-operator
ODH_TRUSTYAI_SERVICE_OPERATOR_GIT_COMMIT=6ca7acd466488b40ae0aa3e84410d975c2ddbf1c
ODH_MODEL_CONTROLLER_GIT_URL=https://github.com/red-hat-data-services/odh-model-controller
ODH_MODEL_CONTROLLER_GIT_COMMIT=c64f98ecb7e586c444b07efdc4ff1e1aa93c65c7
ODH_MODEL_REGISTRY_OPERATOR_GIT_URL=https://github.com/red-hat-data-services/model-registry-operator
ODH_MODEL_REGISTRY_OPERATOR_GIT_COMMIT=71ec84adfcbe2638c0d02ea5a7b24fc77d519320
ODH_MODELMESH_SERVING_CONTROLLER_GIT_URL=https://github.com/red-hat-data-services/modelmesh-serving
ODH_MODELMESH_SERVING_CONTROLLER_GIT_COMMIT=371383e292291a345f5725e53bd9fc43e3b23cc0
ODH_DASHBOARD_GIT_URL=https://github.com/red-hat-data-services/odh-dashboard
ODH_DASHBOARD_GIT_COMMIT=bc73146da49006cd8c4d5b1cda12f199d8696013
ODH_TRAINING_OPERATOR_GIT_URL=https://github.com/red-hat-data-services/training-operator
ODH_TRAINING_OPERATOR_GIT_COMMIT=bbdbc1d4c0e8c6a089bd2483ad81924c7cd15a41
ODH_MM_REST_PROXY_GIT_URL=https://github.com/red-hat-data-services/rest-proxy
ODH_MM_REST_PROXY_GIT_COMMIT=f50aeb3cb3e75ee1cae250f78a43aa9f5be35bda
ODH_MODELMESH_GIT_URL=https://github.com/red-hat-data-services/modelmesh
ODH_MODELMESH_GIT_COMMIT=4d2e10f69de41f544bc635c15fff3cd003470589
ODH_MODELMESH_RUNTIME_ADAPTER_GIT_URL=https://github.com/red-hat-data-services/modelmesh-runtime-adapter
ODH_MODELMESH_RUNTIME_ADAPTER_GIT_COMMIT=3786bef8bf5c3f8e3048bc73f68ddbd552435535
ODH_TRUSTYAI_SERVICE_GIT_URL=https://github.com/red-hat-data-services/trustyai-explainability
ODH_TRUSTYAI_SERVICE_GIT_COMMIT=73187f367085ce5c9f6e1ec841b05a7579a65f2b
ODH_MLMD_GRPC_SERVER_GIT_URL=https://github.com/red-hat-data-services/ml-metadata
ODH_MLMD_GRPC_SERVER_GIT_COMMIT=dc6414f3e52e06cd23d98f28cff202e5ac5fc455
ODH_ML_PIPELINES_API_SERVER_V2_GIT_URL=https://github.com/red-hat-data-services/data-science-pipelines
ODH_ML_PIPELINES_API_SERVER_V2_GIT_COMMIT=2b50f7cb189cbb278b46b7f64b57da6e7f63b22d
ODH_ML_PIPELINES_PERSISTENCEAGENT_V2_GIT_URL=https://github.com/red-hat-data-services/data-science-pipelines
ODH_ML_PIPELINES_PERSISTENCEAGENT_V2_GIT_COMMIT=2b50f7cb189cbb278b46b7f64b57da6e7f63b22d
ODH_ML_PIPELINES_SCHEDULEDWORKFLOW_V2_GIT_URL=https://github.com/red-hat-data-services/data-science-pipelines
ODH_ML_PIPELINES_SCHEDULEDWORKFLOW_V2_GIT_COMMIT=2b50f7cb189cbb278b46b7f64b57da6e7f63b22d
ODH_ML_PIPELINES_DRIVER_GIT_URL=https://github.com/red-hat-data-services/data-science-pipelines
ODH_ML_PIPELINES_DRIVER_GIT_COMMIT=2b50f7cb189cbb278b46b7f64b57da6e7f63b22d
ODH_ML_PIPELINES_LAUNCHER_GIT_URL=https://github.com/red-hat-data-services/data-science-pipelines
ODH_ML_PIPELINES_LAUNCHER_GIT_COMMIT=2b50f7cb189cbb278b46b7f64b57da6e7f63b22d
ODH_DATA_SCIENCE_PIPELINES_ARGO_ARGOEXEC_GIT_URL=https://github.com/red-hat-data-services/argo-workflows
ODH_DATA_SCIENCE_PIPELINES_ARGO_ARGOEXEC_GIT_COMMIT=e6ca0c7884b99cd1f01307e3363d579119e18b3c
ODH_DATA_SCIENCE_PIPELINES_ARGO_WORKFLOWCONTROLLER_GIT_URL=https://github.com/red-hat-data-services/argo-workflows
ODH_DATA_SCIENCE_PIPELINES_ARGO_WORKFLOWCONTROLLER_GIT_COMMIT=e6ca0c7884b99cd1f01307e3363d579119e18b3c
ODH_MODEL_REGISTRY_GIT_URL=https://github.com/red-hat-data-services/model-registry
ODH_MODEL_REGISTRY_GIT_COMMIT=261f70f7297ffb91eacbd1227cdd038a23f409d9
