RBC_RELEASE_BRANCH_COMMIT=9ca5ce4433cefe29acbfd7a1839e1d926321840d
ODH_NOTEBOOK_CONTROLLER_GIT_URL=https://github.com/red-hat-data-services/kubeflow
ODH_DATA_SCIENCE_PIPELINES_ARGO_ARGOEXEC_GIT_COMMIT=9e765a59ba97ab708c23675179a09b1f622aac56
ODH_CODEFLARE_OPERATOR_GIT_URL=https://github.com/red-hat-data-services/codeflare-operator
ODH_ML_PIPELINES_DRIVER_GIT_COMMIT=62fb59422fdd0bf15ab1041b8059332e49d41fcd
ODH_ML_PIPELINES_PERSISTENCEAGENT_V2_GIT_COMMIT=62fb59422fdd0bf15ab1041b8059332e49d41fcd
ODH_MODELMESH_GIT_COMMIT=54a629e8b8a9efc1fbb9911efa665cd76b6206dd
ODH_MODEL_REGISTRY_GIT_COMMIT=7e2d6481c165a54ba88481b62e657aeed885a9c5
ODH_RHEL8_OPERATOR_GIT_URL=https://github.com/red-hat-data-services/rhods-operator
ODH_TRAINING_OPERATOR_GIT_COMMIT=d5ef030768c17915ce0819c8bf1184821c262617
ODH_DASHBOARD_GIT_COMMIT=9392af89995ed7877a7f88fc197b293332305d91
ODH_ML_PIPELINES_DRIVER_GIT_URL=https://github.com/red-hat-data-services/data-science-pipelines
ODH_MM_REST_PROXY_GIT_URL=https://github.com/red-hat-data-services/rest-proxy
ODH_MODELMESH_SERVING_CONTROLLER_GIT_URL=https://github.com/red-hat-data-services/modelmesh-serving
ODH_DATA_SCIENCE_PIPELINES_OPERATOR_CONTROLLER_GIT_URL=https://github.com/red-hat-data-services/data-science-pipelines-operator
ODH_ML_PIPELINES_LAUNCHER_GIT_COMMIT=62fb59422fdd0bf15ab1041b8059332e49d41fcd
ODH_ML_PIPELINES_LAUNCHER_GIT_URL=https://github.com/red-hat-data-services/data-science-pipelines
ODH_DATA_SCIENCE_PIPELINES_ARGO_WORKFLOWCONTROLLER_GIT_URL=https://github.com/red-hat-data-services/argo-workflows
ODH_KUBERAY_OPERATOR_CONTROLLER_GIT_COMMIT=ce14ffa99755d1857c3eb7f447202a33bb5d38e7
ODH_KUEUE_CONTROLLER_GIT_COMMIT=e417e68f5e3b0df60fab03538b4d793d26330e99
ODH_KUEUE_CONTROLLER_GIT_URL=https://github.com/red-hat-data-services/kueue
ODH_MODELMESH_RUNTIME_ADAPTER_GIT_URL=https://github.com/red-hat-data-services/modelmesh-runtime-adapter
ODH_ML_PIPELINES_API_SERVER_V2_GIT_COMMIT=62fb59422fdd0bf15ab1041b8059332e49d41fcd
ODH_MODEL_REGISTRY_OPERATOR_GIT_COMMIT=c0e651698f834c0f0e5ee100d72ced4eb90e9e41
ODH_MODELMESH_SERVING_CONTROLLER_GIT_COMMIT=5ddfb379c692ea53ebe08093217daad35de50635
ODH_NOTEBOOK_CONTROLLER_GIT_COMMIT=812f0b5f69c84f4fb7e9845af1e4fe032a7cd19e
ODH_TRUSTYAI_SERVICE_OPERATOR_GIT_URL=https://github.com/red-hat-data-services/trustyai-service-operator
ODH_OPERATOR_BUNDLE_GIT_URL=https://github.com/red-hat-data-services/RHOAI-Build-Config
ODH_DASHBOARD_GIT_URL=https://github.com/red-hat-data-services/odh-dashboard
ODH_MODELMESH_GIT_URL=https://github.com/red-hat-data-services/modelmesh
ODH_KF_NOTEBOOK_CONTROLLER_GIT_COMMIT=812f0b5f69c84f4fb7e9845af1e4fe032a7cd19e
ODH_MODEL_CONTROLLER_GIT_URL=https://github.com/red-hat-data-services/odh-model-controller
ODH_MODEL_REGISTRY_OPERATOR_GIT_URL=https://github.com/red-hat-data-services/model-registry-operator
ODH_DATA_SCIENCE_PIPELINES_OPERATOR_CONTROLLER_GIT_COMMIT=9287de7b67ef99347eb62bc1fa2735de41e90953
ODH_KUBERAY_OPERATOR_CONTROLLER_GIT_URL=https://github.com/red-hat-data-services/kuberay
ODH_MLMD_GRPC_SERVER_GIT_URL=https://github.com/red-hat-data-services/ml-metadata
ODH_MODEL_CONTROLLER_GIT_COMMIT=42456076fa22f0cc65b1a19c10d6b3a2b6bd55e7
ODH_OPERATOR_BUNDLE_GIT_COMMIT=953471119c8016116c63a0c3dfaf98400c2bd07a
ODH_DATA_SCIENCE_PIPELINES_ARGO_ARGOEXEC_GIT_URL=https://github.com/red-hat-data-services/argo-workflows
ODH_TRUSTYAI_SERVICE_GIT_URL=https://github.com/red-hat-data-services/trustyai-explainability
ODH_ML_PIPELINES_SCHEDULEDWORKFLOW_V2_GIT_COMMIT=62fb59422fdd0bf15ab1041b8059332e49d41fcd
ODH_MLMD_GRPC_SERVER_GIT_COMMIT=d2b2211269b6675bb0e63f095345d9a9251df107
ODH_DATA_SCIENCE_PIPELINES_ARGO_WORKFLOWCONTROLLER_GIT_COMMIT=9e765a59ba97ab708c23675179a09b1f622aac56
ODH_ML_PIPELINES_API_SERVER_V2_GIT_URL=https://github.com/red-hat-data-services/data-science-pipelines
ODH_ML_PIPELINES_SCHEDULEDWORKFLOW_V2_GIT_URL=https://github.com/red-hat-data-services/data-science-pipelines
ODH_CODEFLARE_OPERATOR_GIT_COMMIT=94290750c4f1bad15bf9df033bae5e3993b9be95
ODH_MM_REST_PROXY_GIT_COMMIT=7ce195467b3630a12fc25cc353937171a43dd518
ODH_MODELMESH_RUNTIME_ADAPTER_GIT_COMMIT=e93b7d69e9d6d495fcbd9f6d1cd61bf345328d45
ODH_RHEL8_OPERATOR_GIT_COMMIT=76300ebca5c0d2a6f248941ab1fcbd1fc21a6c87
ODH_TRUSTYAI_SERVICE_OPERATOR_GIT_COMMIT=245a5693fd950346b7f455ac4d133b0a7b5a7ee9
ODH_KF_NOTEBOOK_CONTROLLER_GIT_URL=https://github.com/red-hat-data-services/kubeflow
ODH_TRAINING_OPERATOR_GIT_URL=https://github.com/red-hat-data-services/training-operator
ODH_ML_PIPELINES_PERSISTENCEAGENT_V2_GIT_URL=https://github.com/red-hat-data-services/data-science-pipelines
ODH_TRUSTYAI_SERVICE_GIT_COMMIT=780886f9c7e32fdcb9328376f8e5526061557b20
ODH_MODEL_REGISTRY_GIT_URL=https://github.com/red-hat-data-services/model-registry
