RBC_RELEASE_BRANCH_COMMIT=b35c651a5b0001cf8fb358f5632ea2f56b604a11
ODH_OPERATOR_BUNDLE_GIT_COMMIT=3361f89d881dd7d5e92f12cb9c7ac703932863c7
ODH_OPERATOR_BUNDLE_GIT_URL=https://github.com/red-hat-data-services/RHOAI-Build-Config
ODH_CODEFLARE_OPERATOR_GIT_COMMIT=48ed250c704756f30564fd34e065b4348ab6d974
ODH_CODEFLARE_OPERATOR_GIT_URL=https://github.com/red-hat-data-services/codeflare-operator
ODH_DASHBOARD_GIT_COMMIT=05bd55988418f48e4cd00c098fa58ab82f12a4c5
ODH_DASHBOARD_GIT_URL=https://github.com/red-hat-data-services/odh-dashboard
ODH_DATA_SCIENCE_PIPELINES_ARGO_ARGOEXEC_GIT_COMMIT=f5254c59d2b0bf1194cf185b82b61a487b247845
ODH_DATA_SCIENCE_PIPELINES_ARGO_ARGOEXEC_GIT_URL=https://github.com/red-hat-data-services/argo-workflows
ODH_DATA_SCIENCE_PIPELINES_ARGO_WORKFLOWCONTROLLER_GIT_COMMIT=f5254c59d2b0bf1194cf185b82b61a487b247845
ODH_DATA_SCIENCE_PIPELINES_ARGO_WORKFLOWCONTROLLER_GIT_URL=https://github.com/red-hat-data-services/argo-workflows
ODH_DATA_SCIENCE_PIPELINES_OPERATOR_CONTROLLER_GIT_COMMIT=4a9eca126d302f1c011bc693369fcb83353bdc73
ODH_DATA_SCIENCE_PIPELINES_OPERATOR_CONTROLLER_GIT_URL=https://github.com/red-hat-data-services/data-science-pipelines-operator
ODH_KF_NOTEBOOK_CONTROLLER_GIT_COMMIT=df2e96106bafcaa089c859594fc1614023a379d3
ODH_KF_NOTEBOOK_CONTROLLER_GIT_URL=https://github.com/red-hat-data-services/kubeflow
ODH_KUBERAY_OPERATOR_CONTROLLER_GIT_COMMIT=535508023cdad12efdf01b9fe343e4ada4c5f041
ODH_KUBERAY_OPERATOR_CONTROLLER_GIT_URL=https://github.com/red-hat-data-services/kuberay.git
ODH_KUEUE_CONTROLLER_GIT_COMMIT=c3f4b5339aa025d80a3eeb0293ae8b673cd70392
ODH_KUEUE_CONTROLLER_GIT_URL=https://github.com/red-hat-data-services/kueue
ODH_ML_PIPELINES_API_SERVER_V2_GIT_COMMIT=3c2988932a53c7977ef2dfd56cfb13fec8c70573
ODH_ML_PIPELINES_API_SERVER_V2_GIT_URL=https://github.com/red-hat-data-services/data-science-pipelines
ODH_ML_PIPELINES_DRIVER_GIT_COMMIT=3c2988932a53c7977ef2dfd56cfb13fec8c70573
ODH_ML_PIPELINES_DRIVER_GIT_URL=https://github.com/red-hat-data-services/data-science-pipelines
ODH_ML_PIPELINES_LAUNCHER_GIT_COMMIT=3c2988932a53c7977ef2dfd56cfb13fec8c70573
ODH_ML_PIPELINES_LAUNCHER_GIT_URL=https://github.com/red-hat-data-services/data-science-pipelines.git
ODH_ML_PIPELINES_PERSISTENCEAGENT_V2_GIT_COMMIT=3c2988932a53c7977ef2dfd56cfb13fec8c70573
ODH_ML_PIPELINES_PERSISTENCEAGENT_V2_GIT_URL=https://github.com/red-hat-data-services/data-science-pipelines
ODH_ML_PIPELINES_SCHEDULEDWORKFLOW_V2_GIT_COMMIT=3c2988932a53c7977ef2dfd56cfb13fec8c70573
ODH_ML_PIPELINES_SCHEDULEDWORKFLOW_V2_GIT_URL=https://github.com/red-hat-data-services/data-science-pipelines
ODH_MLMD_GRPC_SERVER_GIT_COMMIT=108e830e324d3f00a76954c6ef0b403a31307e20
ODH_MLMD_GRPC_SERVER_GIT_URL=https://github.com/red-hat-data-services/ml-metadata
ODH_MM_REST_PROXY_GIT_COMMIT=cec54bbff55993186d8b27e54fa3cd22b839ad42
ODH_MM_REST_PROXY_GIT_URL=https://github.com/red-hat-data-services/rest-proxy
ODH_MODEL_CONTROLLER_GIT_COMMIT=0968aadb6bad0e4a48db127ccb695368cf619307
ODH_MODEL_CONTROLLER_GIT_URL=https://github.com/red-hat-data-services/odh-model-controller
ODH_MODEL_REGISTRY_OPERATOR_GIT_COMMIT=d02fb2e4dbc8286a19e062ca662f3d7694a99c4d
ODH_MODEL_REGISTRY_OPERATOR_GIT_URL=https://github.com/red-hat-data-services/model-registry-operator
ODH_MODEL_REGISTRY_GIT_COMMIT=21be7c2e4e9c71868e18c5580402c722cc42cc04
ODH_MODEL_REGISTRY_GIT_URL=https://github.com/red-hat-data-services/model-registry
ODH_MODELMESH_RUNTIME_ADAPTER_GIT_COMMIT=28c842fb725c7a0a518a34c0d929a595197d29df
ODH_MODELMESH_RUNTIME_ADAPTER_GIT_URL=https://github.com/red-hat-data-services/modelmesh-runtime-adapter
ODH_MODELMESH_SERVING_CONTROLLER_GIT_COMMIT=341360868cd8062799e46917b2c6fbc274e39a12
ODH_MODELMESH_SERVING_CONTROLLER_GIT_URL=https://github.com/red-hat-data-services/modelmesh-serving
ODH_MODELMESH_GIT_COMMIT=cb86afa8dadc2029953e54c29b899b02993670b4
ODH_MODELMESH_GIT_URL=https://github.com/red-hat-data-services/modelmesh
ODH_NOTEBOOK_CONTROLLER_GIT_COMMIT=df2e96106bafcaa089c859594fc1614023a379d3
ODH_NOTEBOOK_CONTROLLER_GIT_URL=https://github.com/red-hat-data-services/kubeflow
ODH_RHEL8_OPERATOR_GIT_COMMIT=ead75a29700c89b2f466b79913de3fb5fb950e0f
ODH_RHEL8_OPERATOR_GIT_URL=https://github.com/red-hat-data-services/rhods-operator
ODH_TRAINING_OPERATOR_GIT_COMMIT=3ef7e546f9ccc50b348eaa38a1dc21ccc650b3d2
ODH_TRAINING_OPERATOR_GIT_URL=https://github.com/red-hat-data-services/training-operator
ODH_TRUSTYAI_SERVICE_OPERATOR_GIT_COMMIT=85fab4302efcd735647580e560c9afe7eeede9fe
ODH_TRUSTYAI_SERVICE_OPERATOR_GIT_URL=https://github.com/red-hat-data-services/trustyai-service-operator
ODH_TRUSTYAI_SERVICE_GIT_COMMIT=1801ff8b932f6102d69298882739ade56d548130
ODH_TRUSTYAI_SERVICE_GIT_URL=https://github.com/red-hat-data-services/trustyai-explainability.git
