RBC_RELEASE_BRANCH_COMMIT=563ae1ab845f1f60381b146bebba457b68a4ea34
ODH_OPERATOR_BUNDLE_GIT_COMMIT=71972256458d1c59dd515bb17ab4d72ecde59dc6
ODH_OPERATOR_BUNDLE_GIT_URL=https://github.com/red-hat-data-services/RHOAI-Build-Config
ODH_CODEFLARE_OPERATOR_GIT_COMMIT=ec0ba0e55a53b5d61ca1947ea09246096fc68263
ODH_CODEFLARE_OPERATOR_GIT_URL=https://github.com/red-hat-data-services/codeflare-operator
ODH_DASHBOARD_GIT_COMMIT=a8946dc07f19ad8c984f4bae6e514fa78a938c1a
ODH_DASHBOARD_GIT_URL=https://github.com/red-hat-data-services/odh-dashboard
ODH_DATA_SCIENCE_PIPELINES_ARGO_ARGOEXEC_GIT_COMMIT=7d63b9d0143114b5a2bc61639d84e008279844f6
ODH_DATA_SCIENCE_PIPELINES_ARGO_ARGOEXEC_GIT_URL=https://github.com/red-hat-data-services/argo-workflows
ODH_DATA_SCIENCE_PIPELINES_ARGO_WORKFLOWCONTROLLER_GIT_COMMIT=7d63b9d0143114b5a2bc61639d84e008279844f6
ODH_DATA_SCIENCE_PIPELINES_ARGO_WORKFLOWCONTROLLER_GIT_URL=https://github.com/red-hat-data-services/argo-workflows
ODH_DATA_SCIENCE_PIPELINES_OPERATOR_CONTROLLER_GIT_COMMIT=c4b61939c4fd26f663a8580b2b657392f3e4b5af
ODH_DATA_SCIENCE_PIPELINES_OPERATOR_CONTROLLER_GIT_URL=https://github.com/red-hat-data-services/data-science-pipelines-operator
ODH_KF_NOTEBOOK_CONTROLLER_GIT_COMMIT=686abbfac44da76b4af936a02e2af2cb5250beb8
ODH_KF_NOTEBOOK_CONTROLLER_GIT_URL=https://github.com/red-hat-data-services/kubeflow
ODH_KUBERAY_OPERATOR_CONTROLLER_GIT_COMMIT=db43fe9df279929a480e818135fca141b0af3ee6
ODH_KUBERAY_OPERATOR_CONTROLLER_GIT_URL=https://github.com/red-hat-data-services/kuberay
ODH_KUEUE_CONTROLLER_GIT_COMMIT=fb080f1ff4d2c9e2c62ada0966691ff18704385e
ODH_KUEUE_CONTROLLER_GIT_URL=https://github.com/red-hat-data-services/kueue
ODH_ML_PIPELINES_API_SERVER_V2_GIT_COMMIT=f036ae5480ef0969ed6694b1c6a53f16871e1613
ODH_ML_PIPELINES_API_SERVER_V2_GIT_URL=https://github.com/red-hat-data-services/data-science-pipelines
ODH_ML_PIPELINES_DRIVER_GIT_COMMIT=22b7a767f7aa16c2878be8e01982f44def4cf5a9
ODH_ML_PIPELINES_DRIVER_GIT_URL=https://github.com/red-hat-data-services/data-science-pipelines
ODH_ML_PIPELINES_LAUNCHER_GIT_COMMIT=4fba12428256add587c427fbc86268ee2fe17c94
ODH_ML_PIPELINES_LAUNCHER_GIT_URL=https://github.com/red-hat-data-services/data-science-pipelines
ODH_ML_PIPELINES_PERSISTENCEAGENT_V2_GIT_COMMIT=da19a73d671051b03998467f9a732bc4fbd8708b
ODH_ML_PIPELINES_PERSISTENCEAGENT_V2_GIT_URL=https://github.com/red-hat-data-services/data-science-pipelines
ODH_ML_PIPELINES_SCHEDULEDWORKFLOW_V2_GIT_COMMIT=4fba12428256add587c427fbc86268ee2fe17c94
ODH_ML_PIPELINES_SCHEDULEDWORKFLOW_V2_GIT_URL=https://github.com/red-hat-data-services/data-science-pipelines
ODH_MLMD_GRPC_SERVER_GIT_COMMIT=039f48af4be3acea5791ac38be4ccd2b4b7e3cfc
ODH_MLMD_GRPC_SERVER_GIT_URL=https://github.com/red-hat-data-services/ml-metadata
ODH_MM_REST_PROXY_GIT_COMMIT=ddaf3df49c5baaaaf56822e941395879fd644762
ODH_MM_REST_PROXY_GIT_URL=https://github.com/red-hat-data-services/rest-proxy
ODH_MODEL_CONTROLLER_GIT_COMMIT=62a5aacd45f293ea36218a958cd56e2e9484d167
ODH_MODEL_CONTROLLER_GIT_URL=https://github.com/red-hat-data-services/odh-model-controller
ODH_MODEL_REGISTRY_OPERATOR_GIT_COMMIT=20cbd7b29ae47122a3857fd70a5c405bbe86638a
ODH_MODEL_REGISTRY_OPERATOR_GIT_URL=https://github.com/red-hat-data-services/model-registry-operator
ODH_MODEL_REGISTRY_GIT_COMMIT=316755a0c289e6f12856e26e128dce96e8c333d9
ODH_MODEL_REGISTRY_GIT_URL=https://github.com/red-hat-data-services/model-registry
ODH_MODELMESH_RUNTIME_ADAPTER_GIT_COMMIT=fac756549569f52da0e3376816fe727841b43aa6
ODH_MODELMESH_RUNTIME_ADAPTER_GIT_URL=https://github.com/red-hat-data-services/modelmesh-runtime-adapter
ODH_MODELMESH_SERVING_CONTROLLER_GIT_COMMIT=047f17b4761431a82bfad9ca001f97aed6b77c43
ODH_MODELMESH_SERVING_CONTROLLER_GIT_URL=https://github.com/red-hat-data-services/modelmesh-serving
ODH_MODELMESH_GIT_COMMIT=c467a0b111718e0c95f3f6ea91ac729f95968e9b
ODH_MODELMESH_GIT_URL=https://github.com/red-hat-data-services/modelmesh
ODH_NOTEBOOK_CONTROLLER_GIT_COMMIT=686abbfac44da76b4af936a02e2af2cb5250beb8
ODH_NOTEBOOK_CONTROLLER_GIT_URL=https://github.com/red-hat-data-services/kubeflow
ODH_RHEL8_OPERATOR_GIT_COMMIT=f061d07ea798cdb24809eed7dc523927f08c03cd
ODH_RHEL8_OPERATOR_GIT_URL=https://github.com/red-hat-data-services/rhods-operator
ODH_TRAINING_OPERATOR_GIT_COMMIT=9278e53d29aa69a275a3292e40761a8209880b54
ODH_TRAINING_OPERATOR_GIT_URL=https://github.com/red-hat-data-services/training-operator
ODH_TRUSTYAI_SERVICE_OPERATOR_GIT_COMMIT=18f6ed129c9fb89b6bac787ad29a33921a003d70
ODH_TRUSTYAI_SERVICE_OPERATOR_GIT_URL=https://github.com/red-hat-data-services/trustyai-service-operator.git
ODH_TRUSTYAI_SERVICE_GIT_COMMIT=b79d5549888a4806d3b437100b9ad98118786de8
ODH_TRUSTYAI_SERVICE_GIT_URL=https://github.com/red-hat-data-services/trustyai-explainability
