RBC_RELEASE_BRANCH_COMMIT=cf674d3d0ffc95a9cf045b5e9c02b48fd550cb76
ODH_OPERATOR_BUNDLE_GIT_COMMIT=23f912c85ec3e8a020054a3825c25001d4070926
ODH_OPERATOR_BUNDLE_GIT_URL=https://github.com/red-hat-data-services/RHOAI-Build-Config
ODH_CODEFLARE_OPERATOR_GIT_COMMIT=dd9534b3b05b0a5a57fff7e4ef6f1681ed8d9f86
ODH_CODEFLARE_OPERATOR_GIT_URL=https://github.com/red-hat-data-services/codeflare-operator
ODH_DASHBOARD_GIT_COMMIT=39cbe30994691f130acc92c8de121e754d4519a0
ODH_DASHBOARD_GIT_URL=https://github.com/red-hat-data-services/odh-dashboard
ODH_DATA_SCIENCE_PIPELINES_ARGO_ARGOEXEC_GIT_COMMIT=c565e37683724cf212a49bb90dcc6b85346c46ff
ODH_DATA_SCIENCE_PIPELINES_ARGO_ARGOEXEC_GIT_URL=https://github.com/red-hat-data-services/argo-workflows
ODH_DATA_SCIENCE_PIPELINES_ARGO_WORKFLOWCONTROLLER_GIT_COMMIT=c565e37683724cf212a49bb90dcc6b85346c46ff
ODH_DATA_SCIENCE_PIPELINES_ARGO_WORKFLOWCONTROLLER_GIT_URL=https://github.com/red-hat-data-services/argo-workflows
ODH_DATA_SCIENCE_PIPELINES_OPERATOR_CONTROLLER_GIT_COMMIT=4c8a0fe77b98123c166cf2fb563e351865d82e39
ODH_DATA_SCIENCE_PIPELINES_OPERATOR_CONTROLLER_GIT_URL=https://github.com/red-hat-data-services/data-science-pipelines-operator
ODH_KF_NOTEBOOK_CONTROLLER_GIT_COMMIT=517352b5e23efad07ebdc9614d7a567538bb2346
ODH_KF_NOTEBOOK_CONTROLLER_GIT_URL=https://github.com/red-hat-data-services/kubeflow
ODH_KUBERAY_OPERATOR_CONTROLLER_GIT_COMMIT=13e748292993b6c2e1d566bfda451ca6aa22ad72
ODH_KUBERAY_OPERATOR_CONTROLLER_GIT_URL=https://github.com/red-hat-data-services/kuberay
ODH_KUEUE_CONTROLLER_GIT_COMMIT=f5490d4556693b86d2eaa6d5971742ff3b8413ac
ODH_KUEUE_CONTROLLER_GIT_URL=https://github.com/red-hat-data-services/kueue
ODH_ML_PIPELINES_API_SERVER_V2_GIT_COMMIT=6010386d43bffaba74cdbde94d72e9c45d5a1f83
ODH_ML_PIPELINES_API_SERVER_V2_GIT_URL=https://github.com/red-hat-data-services/data-science-pipelines
ODH_ML_PIPELINES_DRIVER_GIT_COMMIT=6010386d43bffaba74cdbde94d72e9c45d5a1f83
ODH_ML_PIPELINES_DRIVER_GIT_URL=https://github.com/red-hat-data-services/data-science-pipelines
ODH_ML_PIPELINES_LAUNCHER_GIT_COMMIT=6010386d43bffaba74cdbde94d72e9c45d5a1f83
ODH_ML_PIPELINES_LAUNCHER_GIT_URL=https://github.com/red-hat-data-services/data-science-pipelines
ODH_ML_PIPELINES_PERSISTENCEAGENT_V2_GIT_COMMIT=6010386d43bffaba74cdbde94d72e9c45d5a1f83
ODH_ML_PIPELINES_PERSISTENCEAGENT_V2_GIT_URL=https://github.com/red-hat-data-services/data-science-pipelines
ODH_ML_PIPELINES_SCHEDULEDWORKFLOW_V2_GIT_COMMIT=6010386d43bffaba74cdbde94d72e9c45d5a1f83
ODH_ML_PIPELINES_SCHEDULEDWORKFLOW_V2_GIT_URL=https://github.com/red-hat-data-services/data-science-pipelines
ODH_MLMD_GRPC_SERVER_GIT_COMMIT=1cb9b5215dca8c1c8bd27876f56f7c8c6847213a
ODH_MLMD_GRPC_SERVER_GIT_URL=https://github.com/red-hat-data-services/ml-metadata
ODH_MM_REST_PROXY_GIT_COMMIT=2e78fae1c2efc423572e583c06270985154845e4
ODH_MM_REST_PROXY_GIT_URL=https://github.com/red-hat-data-services/rest-proxy
ODH_MODEL_CONTROLLER_GIT_COMMIT=14bed0432633e78f4cbfcc3caf908fa0ac43709f
ODH_MODEL_CONTROLLER_GIT_URL=https://github.com/red-hat-data-services/odh-model-controller
ODH_MODEL_REGISTRY_OPERATOR_GIT_COMMIT=6548b4d49d4906fbe333a847d0c50d263a77ddd8
ODH_MODEL_REGISTRY_OPERATOR_GIT_URL=https://github.com/red-hat-data-services/model-registry-operator
ODH_MODEL_REGISTRY_GIT_COMMIT=ad7639730b1afe783cbdc1a417ab6efbd282c434
ODH_MODEL_REGISTRY_GIT_URL=https://github.com/red-hat-data-services/model-registry
ODH_MODELMESH_RUNTIME_ADAPTER_GIT_COMMIT=f143ecf973243dc3d3c7dc44125051ff100844f4
ODH_MODELMESH_RUNTIME_ADAPTER_GIT_URL=https://github.com/red-hat-data-services/modelmesh-runtime-adapter
ODH_MODELMESH_SERVING_CONTROLLER_GIT_COMMIT=714a7b0b83a250686a5eb805fcf5b812e35f3fea
ODH_MODELMESH_SERVING_CONTROLLER_GIT_URL=https://github.com/red-hat-data-services/modelmesh-serving.git
ODH_MODELMESH_GIT_COMMIT=0a3e07b55125b80b534d2cc34c327c0c475fe41d
ODH_MODELMESH_GIT_URL=https://github.com/red-hat-data-services/modelmesh
ODH_NOTEBOOK_CONTROLLER_GIT_COMMIT=517352b5e23efad07ebdc9614d7a567538bb2346
ODH_NOTEBOOK_CONTROLLER_GIT_URL=https://github.com/red-hat-data-services/kubeflow
ODH_RHEL8_OPERATOR_GIT_COMMIT=1920299c23f12cee66824f92bbce71bd3d97f5f4
ODH_RHEL8_OPERATOR_GIT_URL=https://github.com/red-hat-data-services/rhods-operator
ODH_TRAINING_OPERATOR_GIT_COMMIT=8229a81b9a1fab813639a1ed2a013dd7c6021a97
ODH_TRAINING_OPERATOR_GIT_URL=https://github.com/red-hat-data-services/training-operator
ODH_TRUSTYAI_SERVICE_OPERATOR_GIT_COMMIT=ac7d3b32e3bb2230834abe23245d753ec0c6415e
ODH_TRUSTYAI_SERVICE_OPERATOR_GIT_URL=https://github.com/red-hat-data-services/trustyai-service-operator
ODH_TRUSTYAI_SERVICE_GIT_COMMIT=192fc91296bf4f10481b6c513c8febc83db5ef0b
ODH_TRUSTYAI_SERVICE_GIT_URL=https://github.com/red-hat-data-services/trustyai-explainability
